Regular Tests:
"abcde 12345 6789 10"
"abcde"
"12345"
"6789"
"10"
"abcde\""
"12345\\"
"sterling\\\\"
"\\6789\\\" \"10\uabcd2\q0"
"\\\\"
""
""
"http://www.example.com/image/481989943"

RFC Object Example:
"Image"
"Width"
"Height"
"Title"
"View from 15th Floor"
"Thumbnail"
"Url"
"http://www.example.com/image/481989943"
"Height"
"Width"
"IDs"
RFC Example Array:
"precision"'
"zip"
"Latitude"
"Longitude"
"Address"
""
"City"
"SAN FRANCISCO"
"State"
"CA"
"Zip"
"94107"
"Country"
"US"
"precision"
"zip"
"Latitude"
"Longitude"
"Address"
""
"City"
"SUNNYVALE"
"State"
"CA"
"Zip"
"94085"
"Country"
"US"
Long JSON:

            self.assertEqual(result[0],'"config"')
            self.assertEqual(result[10],'"us-east"')
            self.assertEqual(result[len(result)-1], '"vers"')
