1234
5678
0
-25
3.14159
-3.14159
-3E+5
-3e+5
-3E5
-3.0123E5
-3.0123
9200
1.009
9006
0.01
